03-09 15:40:37.212 22219 22239 I TestRunner: started: activityTest(com.example.android.testing.espresso.BasicSample.task.tests.ChangeTextTests)
03-09 15:40:37.218 22219 22219 D LifecycleMonitor: Lifecycle status change: androidx.test.core.app.InstrumentationActivityInvoker$EmptyActivity@13b8c3d in: DESTROYED
03-09 15:40:37.248 22219 22239 W Settings: Setting always_finish_activities has moved from android.provider.Settings.System to android.provider.Settings.Global, returning read-only value.
03-09 15:40:37.252   512   557 D EventSequenceValidator: Transition from INTENT_FAILED to INTENT_STARTED
03-09 15:40:37.255   400   400 I perfetto: ing_service_impl.cc:758 Configured tracing session 81, #sources:1, duration:5000 ms, #buffers:1, total buffer size:4096 KB, total sessions:2, uid:1071 session name: ""
03-09 15:40:37.255   394   394 I perfetto: probes_producer.cc:230  Ftrace setup (target_buf=81)
03-09 15:40:37.267   512  2885 W InputReader: Device virtio_input_multi_touch_9 is associated with display ADISPLAY_ID_NONE.
03-09 15:40:37.267   512  2885 W InputReader: Device virtio_input_multi_touch_6 is associated with display ADISPLAY_ID_NONE.
03-09 15:40:37.267   512  2885 W InputReader: Device virtio_input_multi_touch_3 is associated with display ADISPLAY_ID_NONE.
03-09 15:40:37.267   512  2885 W InputReader: Device virtio_input_multi_touch_7 is associated with display ADISPLAY_ID_NONE.
03-09 15:40:37.267   512  2885 W InputReader: Device virtio_input_multi_touch_8 is associated with display ADISPLAY_ID_NONE.
03-09 15:40:37.267   512  2885 W InputReader: Device virtio_input_multi_touch_10 is associated with display ADISPLAY_ID_NONE.
03-09 15:40:37.267   512  2885 W InputReader: Device virtio_input_multi_touch_4 is associated with display ADISPLAY_ID_NONE.
03-09 15:40:37.267   512  2885 W InputReader: Device virtio_input_multi_touch_11 is associated with display ADISPLAY_ID_NONE.
03-09 15:40:37.267   512  2885 W InputReader: Device virtio_input_multi_touch_5 is associated with display ADISPLAY_ID_NONE.
03-09 15:40:37.267   512  2885 W InputReader: Device virtio_input_multi_touch_2 is associated with display ADISPLAY_ID_NONE.
03-09 15:40:37.267   512  2885 W InputReader: Device virtio_input_multi_touch_9 is associated with display ADISPLAY_ID_NONE.
03-09 15:40:37.267   512  2885 W InputReader: Device virtio_input_multi_touch_6 is associated with display ADISPLAY_ID_NONE.
03-09 15:40:37.267   512  2885 W InputReader: Device virtio_input_multi_touch_3 is associated with display ADISPLAY_ID_NONE.
03-09 15:40:37.267   512  2885 W InputReader: Device virtio_input_multi_touch_7 is associated with display ADISPLAY_ID_NONE.
03-09 15:40:37.267   512  2885 W InputReader: Device virtio_input_multi_touch_8 is associated with display ADISPLAY_ID_NONE.
03-09 15:40:37.267   512  2885 W InputReader: Device virtio_input_multi_touch_10 is associated with display ADISPLAY_ID_NONE.
03-09 15:40:37.267   512  2885 W InputReader: Device virtio_input_multi_touch_4 is associated with display ADISPLAY_ID_NONE.
03-09 15:40:37.267   512  2885 W InputReader: Device virtio_input_multi_touch_11 is associated with display ADISPLAY_ID_NONE.
03-09 15:40:37.267   512  2885 W InputReader: Device virtio_input_multi_touch_5 is associated with display ADISPLAY_ID_NONE.
03-09 15:40:37.267   512  2885 W InputReader: Device virtio_input_multi_touch_2 is associated with display ADISPLAY_ID_NONE.
03-09 15:40:37.287 22219 22219 D LifecycleMonitor: Lifecycle status change: com.example.android.testing.espresso.BasicSample.MainActivity@6de9d73 in: PRE_ON_CREATE
03-09 15:40:37.287 22219 22219 V ActivityScenario: Activity lifecycle changed event received but ignored because the reported transition was not ON_CREATE while the last known transition was PRE_ON_CREATE
03-09 15:40:37.291   512   557 D EventSequenceValidator: Transition from INTENT_STARTED to ACTIVITY_LAUNCHED
03-09 15:40:37.312   307   325 D goldfish-address-space: claimShared: Ask to claim region [0x3e8000000 0x3e9124000]
03-09 15:40:37.341 22219 22219 D LifecycleMonitor: Lifecycle status change: com.example.android.testing.espresso.BasicSample.MainActivity@6de9d73 in: CREATED
03-09 15:40:37.341 22219 22219 V ActivityScenario: Update currentActivityStage to CREATED, currentActivity=com.example.android.testing.espresso.BasicSample.MainActivity@6de9d73
03-09 15:40:37.356 22219 22219 D LifecycleMonitor: Lifecycle status change: com.example.android.testing.espresso.BasicSample.MainActivity@6de9d73 in: STARTED
03-09 15:40:37.356 22219 22219 V ActivityScenario: Update currentActivityStage to STARTED, currentActivity=com.example.android.testing.espresso.BasicSample.MainActivity@6de9d73
03-09 15:40:37.359 22219 22219 D LifecycleMonitor: Lifecycle status change: com.example.android.testing.espresso.BasicSample.MainActivity@6de9d73 in: RESUMED
03-09 15:40:37.359 22219 22219 V ActivityScenario: Update currentActivityStage to RESUMED, currentActivity=com.example.android.testing.espresso.BasicSample.MainActivity@6de9d73
03-09 15:40:37.440   307   325 D goldfish-address-space: claimShared: Ask to claim region [0x3ee696000 0x3ef7ba000]
03-09 15:40:37.450   307   325 D goldfish-address-space: claimShared: Ask to claim region [0x3f112f000 0x3f2253000]
03-09 15:40:37.457   307   325 D goldfish-address-space: claimShared: Ask to claim region [0x3f2253000 0x3f3377000]
03-09 15:40:37.504   512   562 D ArtManagerInternalImpl: /data/misc/iorapd/com.example.android.testing.espresso.BasicSample/1/com.example.android.testing.espresso.BasicSample.MainActivity/compiled_traces/compiled_trace.pb doesn't exist
03-09 15:40:37.505   512   557 D EventSequenceValidator: Transition from ACTIVITY_LAUNCHED to ACTIVITY_FINISHED
03-09 15:40:37.511   512   562 I ActivityTaskManager: Displayed com.example.android.testing.espresso.BasicSample/.MainActivity: +217ms
03-09 15:40:37.710 22219 22219 I ViewInteraction: Performing 'type text(Giorgi Tskhadiashvili)' action on view view.getId() is <2131230871/com.example.android.testing.espresso.BasicSample:id/editTextUserInput>
03-09 15:40:37.791  1305  1305 I LatinIME: Starting input. Cursor position = 0,0
03-09 15:40:37.791 22219 22219 I AssistStructure: Flattened final assist data: 1536 bytes, containing 1 windows, 6 views
03-09 15:40:37.843  1494  1494 W kqw     : Pending fill request while another request in the same session was triggered. [CONTEXT service_id=177 ]
03-09 15:40:37.903   349   349 I android.hardware.vibrator-service.example: Vibrator reporting capabilities
03-09 15:40:37.916  1331  1331 V InlineSuggestionRenderService: handleDestroySuggestionViews called for 0:1713872089
03-09 15:40:37.925   307   325 D goldfish-address-space: claimShared: Ask to claim region [0x3e8000000 0x3e9065000]
03-09 15:40:37.955   307   325 D goldfish-address-space: claimShared: Ask to claim region [0x3e9065000 0x3ea0ca000]
03-09 15:40:38.019   307  1926 D goldfish-address-space: claimShared: Ask to claim region [0x3ec000000 0x3ed065000]
03-09 15:40:38.098   307  1926 D goldfish-address-space: claimShared: Ask to claim region [0x3ed065000 0x3ee189000]
03-09 15:40:38.108   307   325 D goldfish-address-space: claimShared: Ask to claim region [0x3f4000000 0x3f5124000]
03-09 15:40:38.205 22219 22219 D UiControllerImpl: Injecting string: "Giorgi Tskhadiashvili"
03-09 15:40:38.221   307   325 D goldfish-address-space: claimShared: Ask to claim region [0x3ee696000 0x3ef7ba000]
03-09 15:40:38.441  1305  1391 I LatinIME:LogUtils: Dictionary info: dictionary = spellcheck_userunigram.en_US ; version = 1678362038 ; date = ?
03-09 15:40:38.485  1305  1391 I LatinIME:LogUtils: Dictionary info: dictionary = main:en ; version = 54 ; date = 1414726273
03-09 15:40:38.515   394   394 I perfetto: probes_producer.cc:329  Producer stop (id=80)
03-09 15:40:38.517   400   400 I perfetto: ng_service_impl.cc:1948 Tracing session 80 ended, total sessions:1
03-09 15:40:38.736   512  2885 I system_server: oneway function results will be dropped but finished with status OK and parcel size 4
03-09 15:40:38.901 22219 22219 I ViewInteraction: Performing 'single click' action on view with index: <0>view.getId() is <2131230786/com.example.android.testing.espresso.BasicSample:id/activityChangeTextBtn>
03-09 15:40:38.968   512  1913 I system_server: oneway function results will be dropped but finished with status OK and parcel size 4
03-09 15:40:38.969   512  1823 I system_server: oneway function results will be dropped but finished with status OK and parcel size 4
03-09 15:40:38.971   512   557 D EventSequenceValidator: Transition from ACTIVITY_FINISHED to INTENT_STARTED
03-09 15:40:38.976   400   400 I perfetto: ing_service_impl.cc:758 Configured tracing session 82, #sources:1, duration:5000 ms, #buffers:1, total buffer size:4096 KB, total sessions:2, uid:1071 session name: ""
03-09 15:40:38.984 22219 22219 D LifecycleMonitor: Lifecycle status change: com.example.android.testing.espresso.BasicSample.MainActivity@6de9d73 in: PAUSED
03-09 15:40:38.985 22219 22219 V ActivityScenario: Update currentActivityStage to PAUSED, currentActivity=com.example.android.testing.espresso.BasicSample.MainActivity@6de9d73
03-09 15:40:38.986   394   394 I perfetto: probes_producer.cc:230  Ftrace setup (target_buf=82)
03-09 15:40:38.987   512  2885 W InputReader: Device virtio_input_multi_touch_9 is associated with display ADISPLAY_ID_NONE.
03-09 15:40:38.987   512  2885 W InputReader: Device virtio_input_multi_touch_6 is associated with display ADISPLAY_ID_NONE.
03-09 15:40:38.987   512  2885 W InputReader: Device virtio_input_multi_touch_3 is associated with display ADISPLAY_ID_NONE.
03-09 15:40:38.987   512  2885 W InputReader: Device virtio_input_multi_touch_7 is associated with display ADISPLAY_ID_NONE.
03-09 15:40:38.987   512  2885 W InputReader: Device virtio_input_multi_touch_8 is associated with display ADISPLAY_ID_NONE.
03-09 15:40:38.987   512  2885 W InputReader: Device virtio_input_multi_touch_10 is associated with display ADISPLAY_ID_NONE.
03-09 15:40:38.987   512  2885 W InputReader: Device virtio_input_multi_touch_4 is associated with display ADISPLAY_ID_NONE.
03-09 15:40:38.987   512  2885 W InputReader: Device virtio_input_multi_touch_11 is associated with display ADISPLAY_ID_NONE.
03-09 15:40:38.987   512  2885 W InputReader: Device virtio_input_multi_touch_5 is associated with display ADISPLAY_ID_NONE.
03-09 15:40:38.987   512  2885 W InputReader: Device virtio_input_multi_touch_2 is associated with display ADISPLAY_ID_NONE.
03-09 15:40:38.987   512  2885 W InputReader: Device virtio_input_multi_touch_9 is associated with display ADISPLAY_ID_NONE.
03-09 15:40:38.987   512  2885 W InputReader: Device virtio_input_multi_touch_6 is associated with display ADISPLAY_ID_NONE.
03-09 15:40:38.987   512  2885 W InputReader: Device virtio_input_multi_touch_3 is associated with display ADISPLAY_ID_NONE.
03-09 15:40:38.987   512  2885 W InputReader: Device virtio_input_multi_touch_7 is associated with display ADISPLAY_ID_NONE.
03-09 15:40:38.987   512  2885 W InputReader: Device virtio_input_multi_touch_8 is associated with display ADISPLAY_ID_NONE.
03-09 15:40:38.987   512  2885 W InputReader: Device virtio_input_multi_touch_10 is associated with display ADISPLAY_ID_NONE.
03-09 15:40:38.987   512  2885 W InputReader: Device virtio_input_multi_touch_4 is associated with display ADISPLAY_ID_NONE.
03-09 15:40:38.987   512  2885 W InputReader: Device virtio_input_multi_touch_11 is associated with display ADISPLAY_ID_NONE.
03-09 15:40:38.987   512  2885 W InputReader: Device virtio_input_multi_touch_5 is associated with display ADISPLAY_ID_NONE.
03-09 15:40:38.987   512  2885 W InputReader: Device virtio_input_multi_touch_2 is associated with display ADISPLAY_ID_NONE.
03-09 15:40:38.991   512   557 D EventSequenceValidator: Transition from INTENT_STARTED to INTENT_FAILED
03-09 15:40:39.007 22219 22219 D LifecycleMonitor: Lifecycle status change: com.example.android.testing.espresso.BasicSample.ShowTextActivity@4905750 in: PRE_ON_CREATE
03-09 15:40:39.007 22219 22219 V ActivityScenario: Activity lifecycle changed event received but ignored because the intent does not match. startActivityIntent=Intent { act=android.intent.action.MAIN cat=[android.intent.category.LAUNCHER] flg=0x10008000 cmp=com.example.android.testing.espresso.BasicSample/.MainActivity }, activity.getIntent()=Intent { cmp=com.example.android.testing.espresso.BasicSample/.ShowTextActivity (has extras) }, activity=com.example.android.testing.espresso.BasicSample.ShowTextActivity@4905750
03-09 15:40:39.055 22219 22219 D LifecycleMonitor: Lifecycle status change: com.example.android.testing.espresso.BasicSample.ShowTextActivity@4905750 in: CREATED
03-09 15:40:39.055 22219 22219 V ActivityScenario: Activity lifecycle changed event received but ignored because the intent does not match. startActivityIntent=Intent { act=android.intent.action.MAIN cat=[android.intent.category.LAUNCHER] flg=0x10008000 cmp=com.example.android.testing.espresso.BasicSample/.MainActivity }, activity.getIntent()=Intent { cmp=com.example.android.testing.espresso.BasicSample/.ShowTextActivity (has extras) }, activity=com.example.android.testing.espresso.BasicSample.ShowTextActivity@4905750
03-09 15:40:39.082 22219 22219 D LifecycleMonitor: Lifecycle status change: com.example.android.testing.espresso.BasicSample.ShowTextActivity@4905750 in: STARTED
03-09 15:40:39.082 22219 22219 V ActivityScenario: Activity lifecycle changed event received but ignored because the intent does not match. startActivityIntent=Intent { act=android.intent.action.MAIN cat=[android.intent.category.LAUNCHER] flg=0x10008000 cmp=com.example.android.testing.espresso.BasicSample/.MainActivity }, activity.getIntent()=Intent { cmp=com.example.android.testing.espresso.BasicSample/.ShowTextActivity (has extras) }, activity=com.example.android.testing.espresso.BasicSample.ShowTextActivity@4905750
03-09 15:40:39.083 22219 22219 D LifecycleMonitor: Lifecycle status change: com.example.android.testing.espresso.BasicSample.ShowTextActivity@4905750 in: RESUMED
03-09 15:40:39.084 22219 22219 V ActivityScenario: Activity lifecycle changed event received but ignored because the intent does not match. startActivityIntent=Intent { act=android.intent.action.MAIN cat=[android.intent.category.LAUNCHER] flg=0x10008000 cmp=com.example.android.testing.espresso.BasicSample/.MainActivity }, activity.getIntent()=Intent { cmp=com.example.android.testing.espresso.BasicSample/.ShowTextActivity (has extras) }, activity=com.example.android.testing.espresso.BasicSample.ShowTextActivity@4905750
03-09 15:40:39.106   512   634 I system_server: oneway function results will be dropped but finished with status OK and parcel size 4
03-09 15:40:39.120   307   325 D goldfish-address-space: claimShared: Ask to claim region [0x3f112f000 0x3f2253000]
03-09 15:40:39.130   307   325 D goldfish-address-space: claimShared: Ask to claim region [0x3f2253000 0x3f3377000]
03-09 15:40:39.137   307   325 D goldfish-address-space: claimShared: Ask to claim region [0x3f5124000 0x3f6248000]
03-09 15:40:39.223   512   562 I ActivityTaskManager: Displayed com.example.android.testing.espresso.BasicSample/.ShowTextActivity: +260ms
03-09 15:40:39.254 22219 22219 W IInputConnectionWrapper: setComposingRegion on inactive InputConnection
03-09 15:40:39.474 22219 22219 I ViewInteraction: Performing 'Text of the view' action on view should return first matching item
03-09 15:40:39.486   512   557 D EventSequenceValidator: Transition from INTENT_FAILED to INTENT_STARTED
03-09 15:40:39.501 22219 22219 D LifecycleMonitor: Lifecycle status change: com.example.android.testing.espresso.BasicSample.ShowTextActivity@4905750 in: PAUSED
03-09 15:40:39.502 22219 22219 V ActivityScenario: Activity lifecycle changed event received but ignored because the intent does not match. startActivityIntent=Intent { act=android.intent.action.MAIN cat=[android.intent.category.LAUNCHER] flg=0x10008000 cmp=com.example.android.testing.espresso.BasicSample/.MainActivity }, activity.getIntent()=Intent { cmp=com.example.android.testing.espresso.BasicSample/.ShowTextActivity (has extras) }, activity=com.example.android.testing.espresso.BasicSample.ShowTextActivity@4905750
03-09 15:40:39.503   512  1496 W InputReader: Device virtio_input_multi_touch_9 is associated with display ADISPLAY_ID_NONE.
03-09 15:40:39.503   512  1496 W InputReader: Device virtio_input_multi_touch_6 is associated with display ADISPLAY_ID_NONE.
03-09 15:40:39.503   512  1496 W InputReader: Device virtio_input_multi_touch_3 is associated with display ADISPLAY_ID_NONE.
03-09 15:40:39.503   512  1496 W InputReader: Device virtio_input_multi_touch_7 is associated with display ADISPLAY_ID_NONE.
03-09 15:40:39.503   512  1496 W InputReader: Device virtio_input_multi_touch_8 is associated with display ADISPLAY_ID_NONE.
03-09 15:40:39.503   512  1496 W InputReader: Device virtio_input_multi_touch_10 is associated with display ADISPLAY_ID_NONE.
03-09 15:40:39.503   512  1496 W InputReader: Device virtio_input_multi_touch_4 is associated with display ADISPLAY_ID_NONE.
03-09 15:40:39.503   512  1496 W InputReader: Device virtio_input_multi_touch_11 is associated with display ADISPLAY_ID_NONE.
03-09 15:40:39.503   512  1496 W InputReader: Device virtio_input_multi_touch_5 is associated with display ADISPLAY_ID_NONE.
03-09 15:40:39.503   512  1496 W InputReader: Device virtio_input_multi_touch_2 is associated with display ADISPLAY_ID_NONE.
03-09 15:40:39.503   512  1496 W InputReader: Device virtio_input_multi_touch_9 is associated with display ADISPLAY_ID_NONE.
03-09 15:40:39.505   400   400 I perfetto: ing_service_impl.cc:758 Configured tracing session 83, #sources:1, duration:5000 ms, #buffers:1, total buffer size:4096 KB, total sessions:3, uid:1071 session name: ""
03-09 15:40:39.506   394   394 I perfetto: probes_producer.cc:230  Ftrace setup (target_buf=83)
03-09 15:40:39.506   512  1496 W InputReader: Device virtio_input_multi_touch_6 is associated with display ADISPLAY_ID_NONE.
03-09 15:40:39.506   512  1496 W InputReader: Device virtio_input_multi_touch_3 is associated with display ADISPLAY_ID_NONE.
03-09 15:40:39.506   512  1496 W InputReader: Device virtio_input_multi_touch_7 is associated with display ADISPLAY_ID_NONE.
03-09 15:40:39.506   512  1496 W InputReader: Device virtio_input_multi_touch_8 is associated with display ADISPLAY_ID_NONE.
03-09 15:40:39.506   512  1496 W InputReader: Device virtio_input_multi_touch_10 is associated with display ADISPLAY_ID_NONE.
03-09 15:40:39.506   512  1496 W InputReader: Device virtio_input_multi_touch_4 is associated with display ADISPLAY_ID_NONE.
03-09 15:40:39.506   512  1496 W InputReader: Device virtio_input_multi_touch_11 is associated with display ADISPLAY_ID_NONE.
03-09 15:40:39.506   512  1496 W InputReader: Device virtio_input_multi_touch_5 is associated with display ADISPLAY_ID_NONE.
03-09 15:40:39.506   512  1496 W InputReader: Device virtio_input_multi_touch_2 is associated with display ADISPLAY_ID_NONE.
03-09 15:40:39.515   512   557 D EventSequenceValidator: Transition from INTENT_STARTED to INTENT_FAILED
03-09 15:40:39.521 22219 22219 D LifecycleMonitor: Lifecycle status change: androidx.test.core.app.InstrumentationActivityInvoker$EmptyActivity@f258ab9 in: PRE_ON_CREATE
03-09 15:40:39.521 22219 22219 V ActivityScenario: Activity lifecycle changed event received but ignored because the intent does not match. startActivityIntent=Intent { act=android.intent.action.MAIN cat=[android.intent.category.LAUNCHER] flg=0x10008000 cmp=com.example.android.testing.espresso.BasicSample/.MainActivity }, activity.getIntent()=Intent { act=android.intent.action.MAIN cat=[android.intent.category.LAUNCHER] flg=0x10000000 cmp=com.example.android.testing.espresso.BasicSample/androidx.test.core.app.InstrumentationActivityInvoker$EmptyActivity }, activity=androidx.test.core.app.InstrumentationActivityInvoker$EmptyActivity@f258ab9
03-09 15:40:39.539 22219 22219 D LifecycleMonitor: Lifecycle status change: androidx.test.core.app.InstrumentationActivityInvoker$EmptyActivity@f258ab9 in: CREATED
03-09 15:40:39.539 22219 22219 V ActivityScenario: Activity lifecycle changed event received but ignored because the intent does not match. startActivityIntent=Intent { act=android.intent.action.MAIN cat=[android.intent.category.LAUNCHER] flg=0x10008000 cmp=com.example.android.testing.espresso.BasicSample/.MainActivity }, activity.getIntent()=Intent { act=android.intent.action.MAIN cat=[android.intent.category.LAUNCHER] flg=0x10000000 cmp=com.example.android.testing.espresso.BasicSample/androidx.test.core.app.InstrumentationActivityInvoker$EmptyActivity }, activity=androidx.test.core.app.InstrumentationActivityInvoker$EmptyActivity@f258ab9
03-09 15:40:39.548 22219 22219 D LifecycleMonitor: Lifecycle status change: androidx.test.core.app.InstrumentationActivityInvoker$EmptyActivity@f258ab9 in: STARTED
03-09 15:40:39.548 22219 22219 V ActivityScenario: Activity lifecycle changed event received but ignored because the intent does not match. startActivityIntent=Intent { act=android.intent.action.MAIN cat=[android.intent.category.LAUNCHER] flg=0x10008000 cmp=com.example.android.testing.espresso.BasicSample/.MainActivity }, activity.getIntent()=Intent { act=android.intent.action.MAIN cat=[android.intent.category.LAUNCHER] flg=0x10000000 cmp=com.example.android.testing.espresso.BasicSample/androidx.test.core.app.InstrumentationActivityInvoker$EmptyActivity }, activity=androidx.test.core.app.InstrumentationActivityInvoker$EmptyActivity@f258ab9
03-09 15:40:39.550 22219 22219 D LifecycleMonitor: Lifecycle status change: androidx.test.core.app.InstrumentationActivityInvoker$EmptyActivity@f258ab9 in: RESUMED
03-09 15:40:39.550 22219 22219 V ActivityScenario: Activity lifecycle changed event received but ignored because the intent does not match. startActivityIntent=Intent { act=android.intent.action.MAIN cat=[android.intent.category.LAUNCHER] flg=0x10008000 cmp=com.example.android.testing.espresso.BasicSample/.MainActivity }, activity.getIntent()=Intent { act=android.intent.action.MAIN cat=[android.intent.category.LAUNCHER] flg=0x10000000 cmp=com.example.android.testing.espresso.BasicSample/androidx.test.core.app.InstrumentationActivityInvoker$EmptyActivity }, activity=androidx.test.core.app.InstrumentationActivityInvoker$EmptyActivity@f258ab9
03-09 15:40:39.632   307   325 D goldfish-address-space: claimShared: Ask to claim region [0x3e8000000 0x3e9124000]
03-09 15:40:39.641   307  1926 D goldfish-address-space: claimShared: Ask to claim region [0x3f6248000 0x3f736c000]
03-09 15:40:39.650   307  1926 D goldfish-address-space: claimShared: Ask to claim region [0x3f9124000 0x3fa248000]
03-09 15:40:39.683   512   562 I ActivityTaskManager: Displayed com.example.android.testing.espresso.BasicSample/androidx.test.core.app.InstrumentationActivityInvoker$EmptyActivity: +196ms
03-09 15:40:39.701 22219 22219 D LifecycleMonitor: Lifecycle status change: com.example.android.testing.espresso.BasicSample.MainActivity@6de9d73 in: STOPPED
03-09 15:40:39.701 22219 22219 V ActivityScenario: Update currentActivityStage to STOPPED, currentActivity=com.example.android.testing.espresso.BasicSample.MainActivity@6de9d73
03-09 15:40:39.703 22219 22219 D AutofillManager: onActivityFinishing(): calling cancelLocked()
03-09 15:40:39.703 22219 22219 D LifecycleMonitor: Lifecycle status change: com.example.android.testing.espresso.BasicSample.MainActivity@6de9d73 in: DESTROYED
03-09 15:40:39.703 22219 22219 V ActivityScenario: Update currentActivityStage to DESTROYED, currentActivity=null
03-09 15:40:39.720   307  1926 D goldfish-address-space: claimShared: Ask to claim region [0x3ee696000 0x3ef7ba000]
03-09 15:40:39.746   512  5095 D HostConnection: HostConnection::get() New Host Connection established 0xe983df00, tid 5095
03-09 15:40:39.753   512  5095 D HostConnection: HostComposition ext ANDROID_EMU_CHECKSUM_HELPER_v1 ANDROID_EMU_native_sync_v2 ANDROID_EMU_native_sync_v3 ANDROID_EMU_native_sync_v4 ANDROID_EMU_dma_v1 ANDROID_EMU_direct_mem ANDROID_EMU_vulkan ANDROID_EMU_deferred_vulkan_commands ANDROID_EMU_vulkan_null_optional_strings ANDROID_EMU_vulkan_create_resources_with_requirements ANDROID_EMU_YUV_Cache ANDROID_EMU_vulkan_ignored_handles ANDROID_EMU_has_shared_slots_host_memory_allocator ANDROID_EMU_vulkan_free_memory_sync ANDROID_EMU_vulkan_shader_float16_int8 ANDROID_EMU_vulkan_async_queue_submit ANDROID_EMU_sync_buffer_data ANDROID_EMU_vulkan_async_qsri ANDROID_EMU_read_color_buffer_dma GL_OES_EGL_image_external_essl3 GL_OES_vertex_array_object GL_KHR_texture_compression_astc_ldr ANDROID_EMU_host_side_tracing ANDROID_EMU_gles_max_version_3_0
03-09 15:40:39.755   512  5095 W OpenGLRenderer: Failed to choose config with EGL_SWAP_BEHAVIOR_PRESERVED, retrying without...
03-09 15:40:39.764   512  5095 D EGL_emulation: eglCreateContext: 0xe9829de0: maj 3 min 0 rcv 3
03-09 15:40:39.771 22219 22219 D LifecycleMonitor: Lifecycle status change: androidx.test.core.app.InstrumentationActivityInvoker$EmptyActivity@f258ab9 in: PAUSED
03-09 15:40:39.773 22219 22219 V ActivityScenario: Activity lifecycle changed event received but ignored because the intent does not match. startActivityIntent=Intent { act=android.intent.action.MAIN cat=[android.intent.category.LAUNCHER] flg=0x10008000 cmp=com.example.android.testing.espresso.BasicSample/.MainActivity }, activity.getIntent()=Intent { act=android.intent.action.MAIN cat=[android.intent.category.LAUNCHER] flg=0x10000000 cmp=com.example.android.testing.espresso.BasicSample/androidx.test.core.app.InstrumentationActivityInvoker$EmptyActivity }, activity=androidx.test.core.app.InstrumentationActivityInvoker$EmptyActivity@f258ab9
03-09 15:40:39.776   512  7149 W InputReader: Device virtio_input_multi_touch_9 is associated with display ADISPLAY_ID_NONE.
03-09 15:40:39.776   512  7149 W InputReader: Device virtio_input_multi_touch_6 is associated with display ADISPLAY_ID_NONE.
03-09 15:40:39.776   512  7149 W InputReader: Device virtio_input_multi_touch_3 is associated with display ADISPLAY_ID_NONE.
03-09 15:40:39.776   512  7149 W InputReader: Device virtio_input_multi_touch_7 is associated with display ADISPLAY_ID_NONE.
03-09 15:40:39.776   512  7149 W InputReader: Device virtio_input_multi_touch_8 is associated with display ADISPLAY_ID_NONE.
03-09 15:40:39.776   512  7149 W InputReader: Device virtio_input_multi_touch_10 is associated with display ADISPLAY_ID_NONE.
03-09 15:40:39.776   512  7149 W InputReader: Device virtio_input_multi_touch_4 is associated with display ADISPLAY_ID_NONE.
03-09 15:40:39.776   512  7149 W InputReader: Device virtio_input_multi_touch_11 is associated with display ADISPLAY_ID_NONE.
03-09 15:40:39.776   512  7149 W InputReader: Device virtio_input_multi_touch_5 is associated with display ADISPLAY_ID_NONE.
03-09 15:40:39.776   512  7149 W InputReader: Device virtio_input_multi_touch_2 is associated with display ADISPLAY_ID_NONE.
03-09 15:40:39.776   512  7149 W InputReader: Device virtio_input_multi_touch_9 is associated with display ADISPLAY_ID_NONE.
03-09 15:40:39.777   512  7149 W InputReader: Device virtio_input_multi_touch_6 is associated with display ADISPLAY_ID_NONE.
03-09 15:40:39.777   512  7149 W InputReader: Device virtio_input_multi_touch_3 is associated with display ADISPLAY_ID_NONE.
03-09 15:40:39.777   512  7149 W InputReader: Device virtio_input_multi_touch_7 is associated with display ADISPLAY_ID_NONE.
03-09 15:40:39.777   512  7149 W InputReader: Device virtio_input_multi_touch_8 is associated with display ADISPLAY_ID_NONE.
03-09 15:40:39.777   512  7149 W InputReader: Device virtio_input_multi_touch_10 is associated with display ADISPLAY_ID_NONE.
03-09 15:40:39.777   512  7149 W InputReader: Device virtio_input_multi_touch_4 is associated with display ADISPLAY_ID_NONE.
03-09 15:40:39.777   512  7149 W InputReader: Device virtio_input_multi_touch_11 is associated with display ADISPLAY_ID_NONE.
03-09 15:40:39.777   512  7149 W InputReader: Device virtio_input_multi_touch_5 is associated with display ADISPLAY_ID_NONE.
03-09 15:40:39.777   512  7149 W InputReader: Device virtio_input_multi_touch_2 is associated with display ADISPLAY_ID_NONE.
03-09 15:40:39.782 22219 22219 D LifecycleMonitor: Lifecycle status change: com.example.android.testing.espresso.BasicSample.ShowTextActivity@4905750 in: RESUMED
03-09 15:40:39.782 22219 22219 V ActivityScenario: Activity lifecycle changed event received but ignored because the intent does not match. startActivityIntent=Intent { act=android.intent.action.MAIN cat=[android.intent.category.LAUNCHER] flg=0x10008000 cmp=com.example.android.testing.espresso.BasicSample/.MainActivity }, activity.getIntent()=Intent { cmp=com.example.android.testing.espresso.BasicSample/.ShowTextActivity (has extras) }, activity=com.example.android.testing.espresso.BasicSample.ShowTextActivity@4905750
03-09 15:40:39.803   307  1926 D goldfish-address-space: claimShared: Ask to claim region [0x3ec000000 0x3ed124000]
03-09 15:40:39.825   512  5095 D EGL_emulation: eglMakeCurrent: 0xe9829de0: ver 3 0 (tinfo 0xe9b7d470) (first time)
03-09 15:40:39.831   815   834 I ndroid.systemu: NativeAlloc concurrent copying GC freed 4587(274KB) AllocSpace objects, 0(0B) LOS objects, 49% free, 6619KB/12MB, paused 10.315ms total 87.711ms
03-09 15:40:39.844   307  1926 D goldfish-address-space: claimShared: Ask to claim region [0x3ed124000 0x3ee248000]
03-09 15:40:39.846   307  1926 D goldfish-address-space: claimShared: Ask to claim region [0x3f112f000 0x3f2253000]
03-09 15:40:39.874  1018  1042 I droid.launcher: NativeAlloc concurrent copying GC freed 1832(188KB) AllocSpace objects, 0(0B) LOS objects, 49% free, 3918KB/7836KB, paused 19.116ms total 133.686ms
03-09 15:40:39.889   307  1926 D goldfish-address-space: claimShared: Ask to claim region [0x3ed124000 0x3ee248000]
03-09 15:40:39.925   307  1926 D goldfish-address-space: claimShared: Ask to claim region [0x3f112f000 0x3f2253000]
03-09 15:40:39.976 22219 22239 I TestRunner: finished: activityTest(com.example.android.testing.espresso.BasicSample.task.tests.ChangeTextTests)
